[
    {
        "package": "github.com/kyroy/gochecks/converter/testdata/gotests/subpkgs/p2",
        "test": "TestTwo",
        "output": [
            "=== RUN   TestTwo\n",
            "--- FAIL: TestTwo (0.00s)\n",
            "    m_test.go:6: failed test two\n"
        ],
        "result": "fail",
        "elapsed": 0,
        "line": "m_test.go:6",
        "coverage": 0
    },
    {
        "package": "github.com/kyroy/gochecks/converter/testdata/gotests/subpkgs/p2",
        "output": [
            "FAIL\n",
            "coverage: 0.0% of statements\n",
            "FAIL\tgithub.com/kyroy/gochecks/converter/testdata/gotests/subpkgs/p2\t0.009s\n"
        ],
        "result": "fail",
        "elapsed": 9000000,
        "coverage": 0
    },
    {
        "package": "github.com/kyroy/gochecks/converter/testdata/gotests/subpkgs",
        "test": "TestF",
        "output": [
            "=== RUN   TestF\n",
            "ok\n",
            "--- PASS: TestF (0.00s)\n"
        ],
        "result": "pass",
        "elapsed": 0,
        "coverage": 0
    },
    {
        "package": "github.com/kyroy/gochecks/converter/testdata/gotests/subpkgs",
        "output": [
            "PASS\n",
            "coverage: 0.0% of statements\n",
            "ok  \tgithub.com/kyroy/gochecks/converter/testdata/gotests/subpkgs\t0.007s\tcoverage: 0.0% of statements\n"
        ],
        "result": "pass",
        "elapsed": 9000000,
        "coverage": 0
    },
    {
        "package": "github.com/kyroy/gochecks/converter/testdata/gotests/subpkgs/p1",
        "test": "TestO",
        "output": [
            "=== RUN   TestO\n",
            "--- FAIL: TestO (0.00s)\n"
        ],
        "result": "fail",
        "elapsed": 0,
        "coverage": 0
    },
    {
        "package": "github.com/kyroy/gochecks/converter/testdata/gotests/subpkgs/p1",
        "output": [
            "FAIL\n",
            "coverage: 0.0% of statements\n",
            "FAIL\tgithub.com/kyroy/gochecks/converter/testdata/gotests/subpkgs/p1\t0.005s\n"
        ],
        "result": "fail",
        "elapsed": 6000000,
        "coverage": 0
    }
]
